// Jest Snapshot v1, https://goo.gl/fbAQLP

exports[`App Snapshot 1`] = `
Array [
  <button
    className="btn btn-primary"
    disabled={false}
    onClick={[Function]}
    type="button"
  >
    Login / Register
  </button>,
  <div>
    <nav>
      <ul>
        <li>
          Home
        </li>
      </ul>
    </nav>
    <button
      className="btn btn-primary"
      disabled={false}
      onClick={[Function]}
      type="button"
    >
      Play with the computer
    </button>
    <div
      className="grid"
    />
  </div>,
]
`;
